TAP version 13
# (node:1387) ExperimentalWarning: SQLite is an experimental feature and might change at any time
# (Use `node --trace-warnings ...` to show where the warning was created)
# Subtest: channel records never grant publishing capability and reject stale writes
ok 1 - channel records never grant publishing capability and reject stale writes
  ---
  duration_ms: 2.502915
  type: 'test'
  ...
# Subtest: shared labels retain their identity and reject duplicate normalized names
ok 2 - shared labels retain their identity and reject duplicate normalized names
  ---
  duration_ms: 2.033098
  type: 'test'
  ...
# (node:1388) ExperimentalWarning: SQLite is an experimental feature and might change at any time
# (Use `node --trace-warnings ...` to show where the warning was created)
# Subtest: SC-10: one destination post owns exact export and link snapshots
ok 3 - SC-10: one destination post owns exact export and link snapshots
  ---
  duration_ms: 4.265601
  type: 'test'
  ...
# Subtest: SC-09/10: per-channel count, retry conflict and cancellation never rewrite usage history
ok 4 - SC-09/10: per-channel count, retry conflict and cancellation never rewrite usage history
  ---
  duration_ms: 2.356334
  type: 'test'
  ...
# Subtest: SC-10/14: planned instants retain explicit timezone and do not publish
ok 5 - SC-10/14: planned instants retain explicit timezone and do not publish
  ---
  duration_ms: 14.739426
  type: 'test'
  ...
# Subtest: SC-02/09/10: catalog survives reopen with stable IDs and unchanged Unicode URLs
ok 6 - SC-02/09/10: catalog survives reopen with stable IDs and unchanged Unicode URLs
  ---
  duration_ms: 3.359624
  type: 'test'
  ...
# Subtest: catalog boundary rejects unknown fields, credentials, malformed IDs and forged permissions
ok 7 - catalog boundary rejects unknown fields, credentials, malformed IDs and forged permissions
  ---
  duration_ms: 1.01712
  type: 'test'
  ...
# Subtest: shared label archival preserves existing references but prevents new assignment
ok 8 - shared label archival preserves existing references but prevents new assignment
  ---
  duration_ms: 1.598404
  type: 'test'
  ...
# (node:1389) ExperimentalWarning: SQLite is an experimental feature and might change at any time
# (Use `node --trace-warnings ...` to show where the warning was created)
# Subtest: SC-03: optional data-only profiles round trip without user media, cues or identity
ok 9 - SC-03: optional data-only profiles round trip without user media, cues or identity
  ---
  duration_ms: 5.443949
  type: 'test'
  ...
# Subtest: SC-03: reusable profiles reject video-specific removal masks
ok 10 - SC-03: reusable profiles reject video-specific removal masks
  ---
  duration_ms: 0.625611
  type: 'test'
  ...
1..10
# tests 10
# suites 0
# pass 10
# fail 0
# cancelled 0
# skipped 0
# todo 0
# duration_ms 92.404252
