TAP version 13
# (node:1280) ExperimentalWarning: SQLite is an experimental feature and might change at any time
# (Use `node --trace-warnings ...` to show where the warning was created)
# Subtest: SC-10: one destination post owns exact export and link snapshots
ok 1 - SC-10: one destination post owns exact export and link snapshots
  ---
  duration_ms: 3.712334
  type: 'test'
  ...
# Subtest: SC-09/10: per-channel count, retry conflict and cancellation never rewrite usage history
ok 2 - SC-09/10: per-channel count, retry conflict and cancellation never rewrite usage history
  ---
  duration_ms: 2.142773
  type: 'test'
  ...
# Subtest: SC-10/14: planned instants retain explicit timezone and do not publish
ok 3 - SC-10/14: planned instants retain explicit timezone and do not publish
  ---
  duration_ms: 17.65733
  type: 'test'
  ...
# Subtest: SC-02/09/10: catalog survives reopen with stable IDs and unchanged Unicode URLs
ok 4 - SC-02/09/10: catalog survives reopen with stable IDs and unchanged Unicode URLs
  ---
  duration_ms: 2.408273
  type: 'test'
  ...
# Subtest: catalog boundary rejects unknown fields, credentials, malformed IDs and forged permissions
ok 5 - catalog boundary rejects unknown fields, credentials, malformed IDs and forged permissions
  ---
  duration_ms: 1.016709
  type: 'test'
  ...
# Subtest: shared label archival preserves existing references but prevents new assignment
not ok 6 - shared label archival preserves existing references but prevents new assignment
  ---
  duration_ms: 1.766507
  type: 'test'
  location: '/mnt/data/work-v0.9/reupmatic/tests/distribution.test.mjs:105:1'
  failureType: 'testCodeFailure'
  error: 'Missing expected exception.'
  code: 'ERR_ASSERTION'
  name: 'AssertionError'
  expected:
  operator: 'throws'
  stack: |-
    TestContext.<anonymous> (file:///mnt/data/work-v0.9/reupmatic/tests/distribution.test.mjs:114:12)
    Test.runInAsyncScope (node:async_hooks:214:14)
    Test.run (node:internal/test_runner/test:1047:25)
    Test.processPendingSubtests (node:internal/test_runner/test:744:18)
    Test.postRun (node:internal/test_runner/test:1173:19)
    Test.run (node:internal/test_runner/test:1101:12)
    async Test.processPendingSubtests (node:internal/test_runner/test:744:7)
  ...
# (node:1281) ExperimentalWarning: SQLite is an experimental feature and might change at any time
# (Use `node --trace-warnings ...` to show where the warning was created)
# Subtest: SC-03: optional data-only profiles round trip without user media, cues or identity
ok 7 - SC-03: optional data-only profiles round trip without user media, cues or identity
  ---
  duration_ms: 2.477968
  type: 'test'
  ...
# Subtest: SC-03: reusable profiles reject video-specific removal masks
not ok 8 - SC-03: reusable profiles reject video-specific removal masks
  ---
  duration_ms: 0.995377
  type: 'test'
  location: '/mnt/data/work-v0.9/reupmatic/tests/profiles.test.mjs:22:1'
  failureType: 'testCodeFailure'
  error: |-
    The input did not match the regular expression /PROFILE_MEDIA_SPECIFIC/. Input:
    
    'Error: INVALID_PROCESSING'
    
  code: 'ERR_ASSERTION'
  name: 'AssertionError'
  expected:
  actual:
  error: 'INVALID_PROCESSING'
  stack: |-
    record (file:///mnt/data/work-v0.9/reupmatic/dist-core/processing/recipe.js:12:15)
    parseProcessingRecipe (file:///mnt/data/work-v0.9/reupmatic/dist-core/processing/recipe.js:37:19)
    ProfileStore.save (file:///mnt/data/work-v0.9/reupmatic/dist-core/profiles/profile-store.js:21:60)
    file:///mnt/data/work-v0.9/reupmatic/tests/profiles.test.mjs:26:42
    getActual (node:assert:531:5)
    Function.throws (node:assert:677:24)
    TestContext.<anonymous> (file:///mnt/data/work-v0.9/reupmatic/tests/profiles.test.mjs:26:12)
    Test.runInAsyncScope (node:async_hooks:214:14)
    Test.run (node:internal/test_runner/test:1047:25)
    Test.processPendingSubtests (node:internal/test_runner/test:744:18)
  operator: 'throws'
  stack: |-
    TestContext.<anonymous> (file:///mnt/data/work-v0.9/reupmatic/tests/profiles.test.mjs:26:12)
    Test.runInAsyncScope (node:async_hooks:214:14)
    Test.run (node:internal/test_runner/test:1047:25)
    Test.processPendingSubtests (node:internal/test_runner/test:744:18)
    Test.postRun (node:internal/test_runner/test:1173:19)
    Test.run (node:internal/test_runner/test:1101:12)
    async startSubtestAfterBootstrap (node:internal/test_runner/harness:296:3)
  ...
1..8
# tests 8
# suites 0
# pass 6
# fail 2
# cancelled 0
# skipped 0
# todo 0
# duration_ms 100.579922
