TAP version 13
# (node:6270) ExperimentalWarning: SQLite is an experimental feature and might change at any time
# (Use `node --trace-warnings ...` to show where the warning was created)
# Subtest: one current project schema round-trips both plain and processing snapshots
ok 1 - one current project schema round-trips both plain and processing snapshots
  ---
  duration_ms: 14.627958
  type: 'test'
  ...
# Subtest: batch recipe and model pins survive restart, interruption and explicit retry
ok 2 - batch recipe and model pins survive restart, interruption and explicit retry
  ---
  duration_ms: 9.991862
  type: 'test'
  ...
# Subtest: batch rejects unpinned processing and subtitle conflicts atomically
ok 3 - batch rejects unpinned processing and subtitle conflicts atomically
  ---
  duration_ms: 4.505949
  type: 'test'
  ...
# Subtest: folder rule persists its immutable recipe and refuses a model-free recipe
ok 4 - folder rule persists its immutable recipe and refuses a model-free recipe
  ---
  duration_ms: 4.444857
  type: 'test'
  ...
# Subtest: project round-trip retains Unicode cues and sample interval without media copies
ok 5 - project round-trip retains Unicode cues and sample interval without media copies
  ---
  duration_ms: 12.314848
  type: 'test'
  ...
# Subtest: project snapshots are independent from subsequent editor changes
ok 6 - project snapshots are independent from subsequent editor changes
  ---
  duration_ms: 0.390187
  type: 'test'
  ...
# Subtest: unknown version, external instructions, URL sources and malformed cue data are rejected
ok 7 - unknown version, external instructions, URL sources and malformed cue data are rejected
  ---
  duration_ms: 0.838412
  type: 'test'
  ...
# Subtest: malformed, oversized and invalid UTF-8 input never becomes a partial project
ok 8 - malformed, oversized and invalid UTF-8 input never becomes a partial project
  ---
  duration_ms: 9.791751
  type: 'test'
  ...
# Subtest: saving invalid edits preserves the existing valid project
ok 9 - saving invalid edits preserves the existing valid project
  ---
  duration_ms: 9.282195
  type: 'test'
  ...
# Subtest: source overwrite checks include same path and hardlink aliases
ok 10 - source overwrite checks include same path and hardlink aliases
  ---
  duration_ms: 4.059478
  type: 'test'
  ...
# Subtest: runtime cue boundary rejects non-arrays and extra fields without raw TypeErrors
ok 11 - runtime cue boundary rejects non-arrays and extra fields without raw TypeErrors
  ---
  duration_ms: 0.317197
  type: 'test'
  ...
1..11
# tests 11
# suites 0
# pass 11
# fail 0
# cancelled 0
# skipped 0
# todo 0
# duration_ms 111.678853
