TAP version 13
# (node:6214) ExperimentalWarning: SQLite is an experimental feature and might change at any time
# (Use `node --trace-warnings ...` to show where the warning was created)
# Subtest: one current project schema round-trips both plain and processing snapshots
not ok 1 - one current project schema round-trips both plain and processing snapshots
  ---
  duration_ms: 4.534021
  type: 'test'
  location: '/mnt/data/work-v0.9/reupmatic/tests/processing-persistence.test.mjs:19:1'
  failureType: 'testCodeFailure'
  error: |-
    Expected values to be strictly equal:
    
    1 !== 2
    
  code: 'ERR_ASSERTION'
  name: 'AssertionError'
  expected: 2
  actual: 1
  operator: 'strictEqual'
  stack: |-
    TestContext.<anonymous> (file:///mnt/data/work-v0.9/reupmatic/tests/processing-persistence.test.mjs:24:10)
    async Test.run (node:internal/test_runner/test:1054:7)
    async startSubtestAfterBootstrap (node:internal/test_runner/harness:296:3)
  ...
# Subtest: batch recipe and model pins survive restart, interruption and explicit retry
ok 2 - batch recipe and model pins survive restart, interruption and explicit retry
  ---
  duration_ms: 8.595672
  type: 'test'
  ...
# Subtest: batch rejects unpinned processing and subtitle conflicts atomically
ok 3 - batch rejects unpinned processing and subtitle conflicts atomically
  ---
  duration_ms: 3.0975
  type: 'test'
  ...
# Subtest: folder rule persists its immutable recipe and refuses a model-free recipe
ok 4 - folder rule persists its immutable recipe and refuses a model-free recipe
  ---
  duration_ms: 3.510341
  type: 'test'
  ...
1..4
# tests 4
# suites 0
# pass 3
# fail 1
# cancelled 0
# skipped 0
# todo 0
# duration_ms 79.206054
