TAP version 13
# Subtest: planned wall time uses the chosen timezone, not UI locale or machine zone
ok 1 - planned wall time uses the chosen timezone, not UI locale or machine zone
  ---
  duration_ms: 31.811534
  type: 'test'
  ...
# Subtest: nonexistent and repeated daylight-saving hours are never chosen silently
ok 2 - nonexistent and repeated daylight-saving hours are never chosen silently
  ---
  duration_ms: 2.221912
  type: 'test'
  ...
# Subtest: invalid dates, zones and forged local/instant pairs fail closed
ok 3 - invalid dates, zones and forged local/instant pairs fail closed
  ---
  duration_ms: 0.656648
  type: 'test'
  ...
# Subtest: unchanged drafts preserve exact stored milliseconds and optional plans remain optional
ok 4 - unchanged drafts preserve exact stored milliseconds and optional plans remain optional
  ---
  duration_ms: 0.568846
  type: 'test'
  ...
# Subtest: all scope groups, five screens and three modes have feature and flow traceability
ok 5 - all scope groups, five screens and three modes have feature and flow traceability
  ---
  duration_ms: 20.281789
  type: 'test'
  ...
# Subtest: omitting a scope, screen, mode or specification breaks the coverage guard
ok 6 - omitting a scope, screen, mode or specification breaks the coverage guard
  ---
  duration_ms: 66.540547
  type: 'test'
  ...
# Subtest: unknown ownership, duplicate IDs and false completion declarations are rejected
ok 7 - unknown ownership, duplicate IDs and false completion declarations are rejected
  ---
  duration_ms: 33.638422
  type: 'test'
  ...
# Subtest: independent endpoints and unfinished major capabilities remain explicit rather than hidden by scaffolding
ok 8 - independent endpoints and unfinished major capabilities remain explicit rather than hidden by scaffolding
  ---
  duration_ms: 0.476537
  type: 'test'
  ...
# Subtest: the delivered tree retains source paths and 14 scope groups without counting placeholders as code
ok 9 - the delivered tree retains source paths and 14 scope groups without counting placeholders as code
  ---
  duration_ms: 21.709607
  type: 'test'
  ...
# Subtest: scaffolding is idempotent and never truncates existing markers or real code
ok 10 - scaffolding is idempotent and never truncates existing markers or real code
  ---
  duration_ms: 23.915241
  type: 'test'
  ...
# Subtest: unsafe paths and duplicate ownership fail before directory creation
ok 11 - unsafe paths and duplicate ownership fail before directory creation
  ---
  duration_ms: 10.29061
  type: 'test'
  ...
# Subtest: symlink ancestors and dangling marker links cannot redirect writes
ok 12 - symlink ancestors and dangling marker links cannot redirect writes
  ---
  duration_ms: 3.546725
  type: 'test'
  ...
# Subtest: routing is owned by Automation and an empty planned module cannot be relabeled as implemented
ok 13 - routing is owned by Automation and an empty planned module cannot be relabeled as implemented
  ---
  duration_ms: 4.446889
  type: 'test'
  ...
1..13
# tests 13
# suites 0
# pass 13
# fail 0
# cancelled 0
# skipped 0
# todo 0
# duration_ms 191.162757
