TAP version 13
# Subtest: one UI system complements, rather than replaces, media libraries
ok 1 - one UI system complements, rather than replaces, media libraries
  ---
  duration_ms: 2.012057
  type: 'test'
  ...
# Subtest: application uses library controls, not a parallel primitive implementation
ok 2 - application uses library controls, not a parallel primitive implementation
  ---
  duration_ms: 3.876662
  type: 'test'
  ...
# Subtest: theme, language and layer order are explicit and shared
ok 3 - theme, language and layer order are explicit and shared
  ---
  duration_ms: 0.234933
  type: 'test'
  ...
# Subtest: Astryx selections have a maintained catalogue and task-level rationale
ok 4 - Astryx selections have a maintained catalogue and task-level rationale
  ---
  duration_ms: 1.692556
  type: 'test'
  ...
# Subtest: navigation and disclosure use library semantics, not button lookalikes
ok 5 - navigation and disclosure use library semantics, not button lookalikes
  ---
  duration_ms: 0.872122
  type: 'test'
  ...
# Subtest: choices with different execution consequences remain visible before submission
ok 6 - choices with different execution consequences remain visible before submission
  ---
  duration_ms: 0.183055
  type: 'test'
  ...
# Subtest: workspace CSS does not reach into library controls or shell landmarks
ok 7 - workspace CSS does not reach into library controls or shell landmarks
  ---
  duration_ms: 0.873203
  type: 'test'
  ...
# Subtest: literal UI messages exist in both application languages
ok 8 - literal UI messages exist in both application languages
  ---
  duration_ms: 15.600107
  type: 'test'
  ...
# Subtest: model setup messages refer to the shipped development guide
ok 9 - model setup messages refer to the shipped development guide
  ---
  duration_ms: 0.614455
  type: 'test'
  ...
# Subtest: Electron flows target library interactions rather than native select elements
ok 10 - Electron flows target library interactions rather than native select elements
  ---
  duration_ms: 0.562947
  type: 'test'
  ...
# Subtest: Sources stages batches and exposes storage consequences before import
ok 11 - Sources stages batches and exposes storage consequences before import
  ---
  duration_ms: 0.33251
  type: 'test'
  ...
# Subtest: public assets and local settings have actual application wiring
ok 12 - public assets and local settings have actual application wiring
  ---
  duration_ms: 0.208473
  type: 'test'
  ...
# Subtest: one domain processing form serves Editor, batch and folders without starting work
ok 13 - one domain processing form serves Editor, batch and folders without starting work
  ---
  duration_ms: 0.609167
  type: 'test'
  ...
1..13
# tests 13
# suites 0
# pass 13
# fail 0
# cancelled 0
# skipped 0
# todo 0
# duration_ms 82.412811
