TAP version 13
# Subtest: invalid timing rejected
ok 1 - invalid timing rejected
  ---
  duration_ms: 0.788321
  type: 'test'
  ...
# Subtest: duplicate cue IDs rejected
ok 2 - duplicate cue IDs rejected
  ---
  duration_ms: 0.166151
  type: 'test'
  ...
# Subtest: split preserves Unicode text and partitions timing
ok 3 - split preserves Unicode text and partitions timing
  ---
  duration_ms: 0.242416
  type: 'test'
  ...
# Subtest: split does not cut surrogate pair
ok 4 - split does not cut surrogate pair
  ---
  duration_ms: 0.150156
  type: 'test'
  ...
# Subtest: merge preserves both cue contents
ok 5 - merge preserves both cue contents
  ---
  duration_ms: 0.176106
  type: 'test'
  ...
# Subtest: replace scope leaves unselected content intact
ok 6 - replace scope leaves unselected content intact
  ---
  duration_ms: 0.386053
  type: 'test'
  ...
# Subtest: history snapshots are independent
ok 7 - history snapshots are independent
  ---
  duration_ms: 0.28465
  type: 'test'
  ...
# Subtest: stale revision and superseded request rejected
ok 8 - stale revision and superseded request rejected
  ---
  duration_ms: 0.100983
  type: 'test'
  ...
# Subtest: editing-only recipes need no model and isolate the caller snapshot
ok 9 - editing-only recipes need no model and isolate the caller snapshot
  ---
  duration_ms: 1.242978
  type: 'test'
  ...
# Subtest: sample range intersects trim in source time and output duration respects speed
ok 10 - sample range intersects trim in source time and output duration respects speed
  ---
  duration_ms: 0.573507
  type: 'test'
  ...
# Subtest: editing rejects unknown keys, non-finite values and unbounded geometry
ok 11 - editing rejects unknown keys, non-finite values and unbounded geometry
  ---
  duration_ms: 0.290108
  type: 'test'
  ...
# Subtest: subtitle output is clipped and retimed without changing source cues
ok 12 - subtitle output is clipped and retimed without changing source cues
  ---
  duration_ms: 0.351581
  type: 'test'
  ...
# (node:1579) ExperimentalWarning: SQLite is an experimental feature and might change at any time
# (Use `node --trace-warnings ...` to show where the warning was created)
# Subtest: SC-03: optional data-only profiles round trip without user media, cues or identity
ok 13 - SC-03: optional data-only profiles round trip without user media, cues or identity
  ---
  duration_ms: 3.061725
  type: 'test'
  ...
# Subtest: SC-03: reusable profiles reject video-specific removal masks
ok 14 - SC-03: reusable profiles reject video-specific removal masks
  ---
  duration_ms: 0.572755
  type: 'test'
  ...
# (node:1610) ExperimentalWarning: SQLite is an experimental feature and might change at any time
# (Use `node --trace-warnings ...` to show where the warning was created)
# Subtest: recovery persists complete current documents across reopen and rejects stale writes
ok 15 - recovery persists complete current documents across reopen and rejects stale writes
  ---
  duration_ms: 7.389201
  type: 'test'
  ...
# Subtest: discarding a draft never deletes source media and separate projects keep separate identities
ok 16 - discarding a draft never deletes source media and separate projects keep separate identities
  ---
  duration_ms: 2.917186
  type: 'test'
  ...
# Subtest: unsupported recovery stores fail without reset or automatic migration
ok 17 - unsupported recovery stores fail without reset or automatic migration
  ---
  duration_ms: 2.483651
  type: 'test'
  ...
# Subtest: literal rules handle Unicode, case and replacement dollar signs without regex expansion
ok 18 - literal rules handle Unicode, case and replacement dollar signs without regex expansion
  ---
  duration_ms: 1.139752
  type: 'test'
  ...
# Subtest: regex groups and selected scope preview independently before apply
ok 19 - regex groups and selected scope preview independently before apply
  ---
  duration_ms: 2.013991
  type: 'test'
  ...
# Subtest: zero-width regex terminates on Unicode input and result sizes are bounded
ok 20 - zero-width regex terminates on Unicode input and result sizes are bounded
  ---
  duration_ms: 0.440355
  type: 'test'
  ...
# Subtest: bulk timing shifts preserve unselected cues and refuse partial/clamped changes
ok 21 - bulk timing shifts preserve unselected cues and refuse partial/clamped changes
  ---
  duration_ms: 0.230709
  type: 'test'
  ...
# Subtest: vision validates bounded requests and preserves content language
ok 22 - vision validates bounded requests and preserves content language
  ---
  duration_ms: 1.998439
  type: 'test'
  ...
# Subtest: manual masks require coordinates; automatic text masks do not require review
ok 23 - manual masks require coordinates; automatic text masks do not require review
  ---
  duration_ms: 0.298632
  type: 'test'
  ...
# Subtest: OCR draft cannot replace edits or follow a different source
ok 24 - OCR draft cannot replace edits or follow a different source
  ---
  duration_ms: 0.188655
  type: 'test'
  ...
# Subtest: vision completion uses public ID and original revision
ok 25 - vision completion uses public ID and original revision
  ---
  duration_ms: 1.471813
  type: 'test'
  ...
# Subtest: cancel wins over late successful inference and emits exactly one terminal event
ok 26 - cancel wins over late successful inference and emits exactly one terminal event
  ---
  duration_ms: 0.677052
  type: 'test'
  ...
# Subtest: malformed model results do not escape the coordinator
ok 27 - malformed model results do not escape the coordinator
  ---
  duration_ms: 0.201004
  type: 'test'
  ...
# Subtest: out-of-range evidence is rejected and the next operation can run
ok 28 - out-of-range evidence is rejected and the next operation can run
  ---
  duration_ms: 0.440355
  type: 'test'
  ...
# Subtest: duplicate admissions and admissions after shutdown are refused
ok 29 - duplicate admissions and admissions after shutdown are refused
  ---
  duration_ms: 0.345201
  type: 'test'
  ...
1..29
# tests 29
# suites 0
# pass 29
# fail 0
# cancelled 0
# skipped 0
# todo 0
# duration_ms 134.587399
