TAP version 13
# Subtest: AGENTS.md is the only root instruction file and owns engineering rules
ok 1 - AGENTS.md is the only root instruction file and owns engineering rules
  ---
  duration_ms: 5.075948
  type: 'test'
  ...
# Subtest: application source stays under the readable-file size limit
ok 2 - application source stays under the readable-file size limit
  ---
  duration_ms: 7.63321
  type: 'test'
  ...
# Subtest: core owns business logic, not UI or Electron dependencies
ok 3 - core owns business logic, not UI or Electron dependencies
  ---
  duration_ms: 2.140013
  type: 'test'
  ...
# Subtest: entry points remain composition-only and features have clear ownership
ok 4 - entry points remain composition-only and features have clear ownership
  ---
  duration_ms: 0.673147
  type: 'test'
  ...
# Subtest: abstractions own behavior instead of adding forwarding layers
ok 5 - abstractions own behavior instead of adding forwarding layers
  ---
  duration_ms: 2.78062
  type: 'test'
  ...
# Subtest: shared media behavior is imported from its owner, not compatibility re-exports
ok 6 - shared media behavior is imported from its owner, not compatibility re-exports
  ---
  duration_ms: 0.281425
  type: 'test'
  ...
# Subtest: source ZIP and CI do not install Git hooks
ok 7 - source ZIP and CI do not install Git hooks
  ---
  duration_ms: 1.833219
  type: 'test'
  ...
# Subtest: hook setup recognizes only its own Git root, not a parent
ok 8 - hook setup recognizes only its own Git root, not a parent
  ---
  duration_ms: 8.941121
  type: 'test'
  ...
# Subtest: Python commands prefer explicit executable, then project virtualenv
ok 9 - Python commands prefer explicit executable, then project virtualenv
  ---
  duration_ms: 0.739888
  type: 'test'
  ...
# Subtest: Reupmatic uses one formatter and hook manager with separate typechecking
ok 10 - Reupmatic uses one formatter and hook manager with separate typechecking
  ---
  duration_ms: 0.245601
  type: 'test'
  ...
# Subtest: pre-commit checks do not mutate staging or start media jobs
ok 11 - pre-commit checks do not mutate staging or start media jobs
  ---
  duration_ms: 0.485543
  type: 'test'
  ...
# Subtest: format configurations parse and retain recommended checks
ok 12 - format configurations parse and retain recommended checks
  ---
  duration_ms: 0.210888
  type: 'test'
  ...
# Subtest: one UI system complements, rather than replaces, media libraries
ok 13 - one UI system complements, rather than replaces, media libraries
  ---
  duration_ms: 2.558475
  type: 'test'
  ...
# Subtest: application uses library controls, not a parallel primitive implementation
ok 14 - application uses library controls, not a parallel primitive implementation
  ---
  duration_ms: 5.837377
  type: 'test'
  ...
# Subtest: theme, language and layer order are explicit and shared
ok 15 - theme, language and layer order are explicit and shared
  ---
  duration_ms: 0.315447
  type: 'test'
  ...
# Subtest: Astryx selections have a maintained catalogue and task-level rationale
ok 16 - Astryx selections have a maintained catalogue and task-level rationale
  ---
  duration_ms: 2.603623
  type: 'test'
  ...
# Subtest: navigation and disclosure use library semantics, not button lookalikes
ok 17 - navigation and disclosure use library semantics, not button lookalikes
  ---
  duration_ms: 1.596802
  type: 'test'
  ...
# Subtest: choices with different execution consequences remain visible before submission
ok 18 - choices with different execution consequences remain visible before submission
  ---
  duration_ms: 0.249677
  type: 'test'
  ...
# Subtest: workspace CSS does not reach into library controls or shell landmarks
ok 19 - workspace CSS does not reach into library controls or shell landmarks
  ---
  duration_ms: 1.27106
  type: 'test'
  ...
# Subtest: literal UI messages exist in both application languages
ok 20 - literal UI messages exist in both application languages
  ---
  duration_ms: 23.962667
  type: 'test'
  ...
# Subtest: model setup messages refer to the shipped development guide
ok 21 - model setup messages refer to the shipped development guide
  ---
  duration_ms: 0.411982
  type: 'test'
  ...
# Subtest: Electron flows target library interactions rather than native select elements
ok 22 - Electron flows target library interactions rather than native select elements
  ---
  duration_ms: 0.432974
  type: 'test'
  ...
# Subtest: Sources stages batches and exposes storage consequences before import
ok 23 - Sources stages batches and exposes storage consequences before import
  ---
  duration_ms: 0.291571
  type: 'test'
  ...
# Subtest: public assets and local settings have actual application wiring
ok 24 - public assets and local settings have actual application wiring
  ---
  duration_ms: 0.150067
  type: 'test'
  ...
# Subtest: one domain processing form serves Editor, batch and folders without starting work
ok 25 - one domain processing form serves Editor, batch and folders without starting work
  ---
  duration_ms: 0.333254
  type: 'test'
  ...
1..25
# tests 25
# suites 0
# pass 25
# fail 0
# cancelled 0
# skipped 0
# todo 0
# duration_ms 109.13754
