
> reupmatic@0.13.0 test:architecture
> node --test tests/architecture.test.mjs

TAP version 13
# Subtest: AGENTS.md is the only root instruction file and owns engineering rules
ok 1 - AGENTS.md is the only root instruction file and owns engineering rules
  ---
  duration_ms: 3.55456
  type: 'test'
  ...
# Subtest: application source stays under the readable-file size limit
ok 2 - application source stays under the readable-file size limit
  ---
  duration_ms: 5.865535
  type: 'test'
  ...
# Subtest: core owns business logic, not UI or Electron dependencies
ok 3 - core owns business logic, not UI or Electron dependencies
  ---
  duration_ms: 1.689457
  type: 'test'
  ...
# Subtest: entry points remain composition-only and features have clear ownership
ok 4 - entry points remain composition-only and features have clear ownership
  ---
  duration_ms: 0.475317
  type: 'test'
  ...
# Subtest: abstractions own behavior instead of adding forwarding layers
ok 5 - abstractions own behavior instead of adding forwarding layers
  ---
  duration_ms: 2.445207
  type: 'test'
  ...
# Subtest: shared media behavior is imported from its owner, not compatibility re-exports
ok 6 - shared media behavior is imported from its owner, not compatibility re-exports
  ---
  duration_ms: 0.205189
  type: 'test'
  ...
1..6
# tests 6
# suites 0
# pass 6
# fail 0
# cancelled 0
# skipped 0
# todo 0
# duration_ms 63.715309
