TAP version 13
# Subtest: four text layers have independent content and one canonical displayed track
ok 1 - four text layers have independent content and one canonical displayed track
  ---
  duration_ms: 3.008718
  type: 'test'
  ...
# Subtest: copy is previewed, explicit, detached and stale targets or sources cannot be overwritten
ok 2 - copy is previewed, explicit, detached and stale targets or sources cannot be overwritten
  ---
  duration_ms: 0.793907
  type: 'test'
  ...
# Subtest: upstream text edits invalidate descendants without replacing their text
ok 3 - upstream text edits invalidate descendants without replacing their text
  ---
  duration_ms: 0.648448
  type: 'test'
  ...
# Subtest: presentation-only subtitle changes do not invalidate or rewrite spoken text
ok 4 - presentation-only subtitle changes do not invalidate or rewrite spoken text
  ---
  duration_ms: 1.025848
  type: 'test'
  ...
# Subtest: existing displayed edit commands update ownership and whole-document undo/redo
ok 5 - existing displayed edit commands update ownership and whole-document undo/redo
  ---
  duration_ms: 0.407425
  type: 'test'
  ...
# Subtest: manual corrections retain STT provenance and language independent of UI locale
ok 6 - manual corrections retain STT provenance and language independent of UI locale
  ---
  duration_ms: 0.487064
  type: 'test'
  ...
# Subtest: project schema 4 persists layers and refuses previous or malformed formats
ok 7 - project schema 4 persists layers and refuses previous or malformed formats
  ---
  duration_ms: 0.881981
  type: 'test'
  ...
# Subtest: layer validation rejects duplicate metadata, styles in speech and forged copy previews
ok 8 - layer validation rejects duplicate metadata, styles in speech and forged copy previews
  ---
  duration_ms: 0.628578
  type: 'test'
  ...
# Subtest: composition rebases every text clock without replacing independent words or falsely invalidating copies
ok 9 - composition rebases every text clock without replacing independent words or falsely invalidating copies
  ---
  duration_ms: 11.206762
  type: 'test'
  ...
# (node:5288) ExperimentalWarning: SQLite is an experimental feature and might change at any time
# (Use `node --trace-warnings ...` to show where the warning was created)
# Subtest: project and SQLite recovery save/load retain all text provenance and independent layers
ok 10 - project and SQLite recovery save/load retain all text provenance and independent layers
  ---
  duration_ms: 11.545414
  type: 'test'
  ...
# Subtest: explicit source review clears a stale copy without losing manual words or silently refreshing descendants
ok 11 - explicit source review clears a stale copy without losing manual words or silently refreshing descendants
  ---
  duration_ms: 1.011526
  type: 'test'
  ...
# Subtest: keeping reviewed manual text does not require capacity for an unwanted replacement
not ok 12 - keeping reviewed manual text does not require capacity for an unwanted replacement
  ---
  duration_ms: 19.794525
  type: 'test'
  location: '/mnt/data/work-v013/reupmatic/tests/text-layers.test.mjs:164:1'
  failureType: 'testCodeFailure'
  error: 'TEXT_LAYERS_TOO_LARGE'
  code: 'ERR_TEST_FAILURE'
  stack: |-
    parseTextLayers (file:///mnt/data/work-v013/reupmatic/dist-core/subtitles/layers/document.js:59:15)
    editTextLayer (file:///mnt/data/work-v013/reupmatic/dist-core/subtitles/layers/commands.js:35:22)
    applyLayerCopy (file:///mnt/data/work-v013/reupmatic/dist-core/subtitles/layers/commands.js:60:12)
    reviewLayerCopy (file:///mnt/data/work-v013/reupmatic/dist-core/subtitles/layers/commands.js:71:5)
    TestContext.<anonymous> (file:///mnt/data/work-v013/reupmatic/tests/text-layers.test.mjs:176:20)
    async Test.run (node:internal/test_runner/test:1054:7)
    async Test.processPendingSubtests (node:internal/test_runner/test:744:7)
  ...
1..12
# tests 12
# suites 0
# pass 11
# fail 1
# cancelled 0
# skipped 0
# todo 0
# duration_ms 115.409078
