TAP version 13
# Subtest: four text layers have independent content and one canonical displayed track
ok 1 - four text layers have independent content and one canonical displayed track
  ---
  duration_ms: 3.372787
  type: 'test'
  ...
# Subtest: copy is previewed, explicit, detached and stale targets or sources cannot be overwritten
ok 2 - copy is previewed, explicit, detached and stale targets or sources cannot be overwritten
  ---
  duration_ms: 1.057345
  type: 'test'
  ...
# Subtest: upstream text edits invalidate descendants without replacing their text
ok 3 - upstream text edits invalidate descendants without replacing their text
  ---
  duration_ms: 0.583169
  type: 'test'
  ...
# Subtest: presentation-only subtitle changes do not invalidate or rewrite spoken text
ok 4 - presentation-only subtitle changes do not invalidate or rewrite spoken text
  ---
  duration_ms: 0.407755
  type: 'test'
  ...
# Subtest: existing displayed edit commands update ownership and whole-document undo/redo
ok 5 - existing displayed edit commands update ownership and whole-document undo/redo
  ---
  duration_ms: 1.030124
  type: 'test'
  ...
# Subtest: manual corrections retain STT provenance and language independent of UI locale
ok 6 - manual corrections retain STT provenance and language independent of UI locale
  ---
  duration_ms: 0.405532
  type: 'test'
  ...
# Subtest: project schema 4 persists layers and refuses previous or malformed formats
ok 7 - project schema 4 persists layers and refuses previous or malformed formats
  ---
  duration_ms: 1.020489
  type: 'test'
  ...
# Subtest: layer validation rejects duplicate metadata, styles in speech and forged copy previews
ok 8 - layer validation rejects duplicate metadata, styles in speech and forged copy previews
  ---
  duration_ms: 0.646816
  type: 'test'
  ...
1..8
# tests 8
# suites 0
# pass 8
# fail 0
# cancelled 0
# skipped 0
# todo 0
# duration_ms 76.628402
