
> reupmatic@0.13.0 test:tooling
> node --test tests/tooling.test.mjs

TAP version 13
# Subtest: source ZIP and CI do not install Git hooks
ok 1 - source ZIP and CI do not install Git hooks
  ---
  duration_ms: 1.459921
  type: 'test'
  ...
# Subtest: hook setup recognizes only its own Git root, not a parent
ok 2 - hook setup recognizes only its own Git root, not a parent
  ---
  duration_ms: 10.283537
  type: 'test'
  ...
# Subtest: Python commands prefer explicit executable, then project virtualenv
ok 3 - Python commands prefer explicit executable, then project virtualenv
  ---
  duration_ms: 1.369836
  type: 'test'
  ...
# Subtest: Reupmatic uses one formatter and hook manager with separate typechecking
ok 4 - Reupmatic uses one formatter and hook manager with separate typechecking
  ---
  duration_ms: 0.608597
  type: 'test'
  ...
# Subtest: pre-commit checks do not mutate staging or start media jobs
ok 5 - pre-commit checks do not mutate staging or start media jobs
  ---
  duration_ms: 0.487294
  type: 'test'
  ...
# Subtest: format configurations parse and retain recommended checks
ok 6 - format configurations parse and retain recommended checks
  ---
  duration_ms: 0.187974
  type: 'test'
  ...
1..6
# tests 6
# suites 0
# pass 6
# fail 0
# cancelled 0
# skipped 0
# todo 0
# duration_ms 68.845194
