TAP version 13
# Subtest: translation requests snapshot explicit languages, source token, cues and literal rules
ok 1 - translation requests snapshot explicit languages, source token, cues and literal rules
  ---
  duration_ms: 4.686948
  type: 'test'
  ...
# Subtest: translation responses cannot change source correlation, IDs, timing, count or rules
ok 2 - translation responses cannot change source correlation, IDs, timing, count or rules
  ---
  duration_ms: 1.570809
  type: 'test'
  ...
# Subtest: preview is pure; default apply retains every existing translation and other text layers
ok 3 - preview is pure; default apply retains every existing translation and other text layers
  ---
  duration_ms: 2.132709
  type: 'test'
  ...
# Subtest: whole replacement is explicit and target edits after preview invalidate it
ok 4 - whole replacement is explicit and target edits after preview invalidate it
  ---
  duration_ms: 1.073205
  type: 'test'
  ...
# Subtest: changed source cannot be rebased into a generated draft; target-only edits may be reviewed separately
ok 5 - changed source cannot be rebased into a generated draft; target-only edits may be reviewed separately
  ---
  duration_ms: 1.019454
  type: 'test'
  ...
# Subtest: upstream edits stale translation and copies without replacing words; explicit source review retains provenance
ok 6 - upstream edits stale translation and copies without replacing words; explicit source review retains provenance
  ---
  duration_ms: 1.182178
  type: 'test'
  ...
# Subtest: translation rejects a source derived from translated text and prevents mixed-language preservation
ok 7 - translation rejects a source derived from translated text and prevents mixed-language preservation
  ---
  duration_ms: 1.061237
  type: 'test'
  ...
# Subtest: translation provenance roundtrips current projects; unsupported text/project formats fail
ok 8 - translation provenance roundtrips current projects; unsupported text/project formats fail
  ---
  duration_ms: 1.367525
  type: 'test'
  ...
# Subtest: translation uses the same worker queue, correlates progress and rejects duplicate requests
ok 9 - translation uses the same worker queue, correlates progress and rejects duplicate requests
  ---
  duration_ms: 1.086274
  type: 'test'
  ...
# Subtest: cancellation discards a late translation without publishing it
ok 10 - cancellation discards a late translation without publishing it
  ---
  duration_ms: 0.960035
  type: 'test'
  ...
# Subtest: translation capability discovery never claims hash verification
ok 11 - translation capability discovery never claims hash verification
  ---
  duration_ms: 0.313429
  type: 'test'
  ...
1..11
# tests 11
# suites 0
# pass 11
# fail 0
# cancelled 0
# skipped 0
# todo 0
# duration_ms 92.876258
