TAP version 13
# Subtest: composition validates a bounded current document and owns source/output clock maps
ok 1 - composition validates a bounded current document and owns source/output clock maps
  ---
  duration_ms: 2.060731
  type: 'test'
  ...
# Subtest: reordering follows clip content and retains text/style without mutating the input
ok 2 - reordering follows clip content and retains text/style without mutating the input
  ---
  duration_ms: 0.737078
  type: 'test'
  ...
# Subtest: split and contiguous join keep source maps and captions; unrelated clips cannot merge
ok 3 - split and contiguous join keep source maps and captions; unrelated clips cannot merge
  ---
  duration_ms: 1.041276
  type: 'test'
  ...
# Subtest: trim and speed map remaining cue fragments, and removal drops only removed content
ok 4 - trim and speed map remaining cue fragments, and removal drops only removed content
  ---
  duration_ms: 0.316337
  type: 'test'
  ...
# Subtest: adding a repeated source never duplicates existing captions into the new instance
ok 5 - adding a repeated source never duplicates existing captions into the new instance
  ---
  duration_ms: 0.217021
  type: 'test'
  ...
# Subtest: composition, captions and sample window are one undo/recovery-compatible project snapshot
ok 6 - composition, captions and sample window are one undo/recovery-compatible project snapshot
  ---
  duration_ms: 0.918165
  type: 'test'
  ...
# Subtest: empty cues bypass subtitle dependency and finish through the common renderer
ok 7 - empty cues bypass subtitle dependency and finish through the common renderer
  ---
  duration_ms: 1.683394
  type: 'test'
  ...
# Subtest: cancel while preparing subtitle prevents dispatch even if preparation wins the race
ok 8 - cancel while preparing subtitle prevents dispatch even if preparation wins the race
  ---
  duration_ms: 0.754924
  type: 'test'
  ...
# Subtest: progress is public-ID correlated during preparation and rendering
ok 9 - progress is public-ID correlated during preparation and rendering
  ---
  duration_ms: 3.678078
  type: 'test'
  ...
# Subtest: one failed preparation leaves independent render usable
ok 10 - one failed preparation leaves independent render usable
  ---
  duration_ms: 0.349476
  type: 'test'
  ...
# Subtest: cancel during render ignores a late artifact and reports cancellation once
ok 11 - cancel during render ignores a late artifact and reports cancellation once
  ---
  duration_ms: 0.475001
  type: 'test'
  ...
# Subtest: validation and duplicate public IDs cannot launch native work
ok 12 - validation and duplicate public IDs cannot launch native work
  ---
  duration_ms: 0.533216
  type: 'test'
  ...
# Subtest: closing coordinator cancels preparation and rejects new dispatch
ok 13 - closing coordinator cancels preparation and rejects new dispatch
  ---
  duration_ms: 0.307594
  type: 'test'
  ...
# Subtest: processing snapshots recipe and pins while retaining the public render lifecycle
ok 14 - processing snapshots recipe and pins while retaining the public render lifecycle
  ---
  duration_ms: 1.256935
  type: 'test'
  ...
# Subtest: OCR conflicts and unsupported processing encoding fail before any worker request
ok 15 - OCR conflicts and unsupported processing encoding fail before any worker request
  ---
  duration_ms: 0.517474
  type: 'test'
  ...
# Subtest: soundtrack is snapshotted, registered and dispatched by exact content through the shared renderer
ok 16 - soundtrack is snapshotted, registered and dispatched by exact content through the shared renderer
  ---
  duration_ms: 2.71776
  type: 'test'
  ...
# Subtest: changed or cancelled audio registration never dispatches encoding
ok 17 - changed or cancelled audio registration never dispatches encoding
  ---
  duration_ms: 0.58963
  type: 'test'
  ...
# Subtest: composition dependencies deduplicate registration and use the existing render lifecycle
ok 18 - composition dependencies deduplicate registration and use the existing render lifecycle
  ---
  duration_ms: 1.249404
  type: 'test'
  ...
# Subtest: composition dependency changes/cancellation stop before encoding
ok 19 - composition dependency changes/cancellation stop before encoding
  ---
  duration_ms: 0.615308
  type: 'test'
  ...
# Subtest: unsupported composition AI processing is explicit and cannot start work
ok 20 - unsupported composition AI processing is explicit and cannot start work
  ---
  duration_ms: 0.221607
  type: 'test'
  ...
1..20
# tests 20
# suites 0
# pass 20
# fail 0
# cancelled 0
# skipped 0
# todo 0
# duration_ms 79.579239
