TAP version 13
# Subtest: composition validates a bounded current document and owns source/output clock maps
ok 1 - composition validates a bounded current document and owns source/output clock maps
  ---
  duration_ms: 2.528549
  type: 'test'
  ...
# Subtest: reordering follows clip content and retains text/style without mutating the input
ok 2 - reordering follows clip content and retains text/style without mutating the input
  ---
  duration_ms: 0.624611
  type: 'test'
  ...
# Subtest: split and contiguous join keep source maps and captions; unrelated clips cannot merge
ok 3 - split and contiguous join keep source maps and captions; unrelated clips cannot merge
  ---
  duration_ms: 0.708805
  type: 'test'
  ...
# Subtest: trim and speed map remaining cue fragments, and removal drops only removed content
ok 4 - trim and speed map remaining cue fragments, and removal drops only removed content
  ---
  duration_ms: 0.369114
  type: 'test'
  ...
# Subtest: adding a repeated source never duplicates existing captions into the new instance
ok 5 - adding a repeated source never duplicates existing captions into the new instance
  ---
  duration_ms: 0.21701
  type: 'test'
  ...
# Subtest: composition, captions and sample window are one undo/recovery-compatible project snapshot
ok 6 - composition, captions and sample window are one undo/recovery-compatible project snapshot
  ---
  duration_ms: 0.927157
  type: 'test'
  ...
# Subtest: project clip references cannot authorize ungranted or changed native files
ok 7 - project clip references cannot authorize ungranted or changed native files
  ---
  duration_ms: 6.155919
  type: 'test'
  ...
# Subtest: composition snapshot clamps dependent ranges atomically without discarding other edits
ok 8 - composition snapshot clamps dependent ranges atomically without discarding other edits
  ---
  duration_ms: 5.036448
  type: 'test'
  ...
# Subtest: empty cues bypass subtitle dependency and finish through the common renderer
ok 9 - empty cues bypass subtitle dependency and finish through the common renderer
  ---
  duration_ms: 1.637615
  type: 'test'
  ...
# Subtest: cancel while preparing subtitle prevents dispatch even if preparation wins the race
ok 10 - cancel while preparing subtitle prevents dispatch even if preparation wins the race
  ---
  duration_ms: 0.583441
  type: 'test'
  ...
# Subtest: progress is public-ID correlated during preparation and rendering
ok 11 - progress is public-ID correlated during preparation and rendering
  ---
  duration_ms: 5.000345
  type: 'test'
  ...
# Subtest: one failed preparation leaves independent render usable
ok 12 - one failed preparation leaves independent render usable
  ---
  duration_ms: 0.355674
  type: 'test'
  ...
# Subtest: cancel during render ignores a late artifact and reports cancellation once
ok 13 - cancel during render ignores a late artifact and reports cancellation once
  ---
  duration_ms: 0.319431
  type: 'test'
  ...
# Subtest: validation and duplicate public IDs cannot launch native work
ok 14 - validation and duplicate public IDs cannot launch native work
  ---
  duration_ms: 0.559916
  type: 'test'
  ...
# Subtest: closing coordinator cancels preparation and rejects new dispatch
ok 15 - closing coordinator cancels preparation and rejects new dispatch
  ---
  duration_ms: 0.345059
  type: 'test'
  ...
# Subtest: processing snapshots recipe and pins while retaining the public render lifecycle
ok 16 - processing snapshots recipe and pins while retaining the public render lifecycle
  ---
  duration_ms: 1.860083
  type: 'test'
  ...
# Subtest: OCR conflicts and unsupported processing encoding fail before any worker request
ok 17 - OCR conflicts and unsupported processing encoding fail before any worker request
  ---
  duration_ms: 0.797997
  type: 'test'
  ...
# Subtest: soundtrack is snapshotted, registered and dispatched by exact content through the shared renderer
ok 18 - soundtrack is snapshotted, registered and dispatched by exact content through the shared renderer
  ---
  duration_ms: 4.259542
  type: 'test'
  ...
# Subtest: changed or cancelled audio registration never dispatches encoding
ok 19 - changed or cancelled audio registration never dispatches encoding
  ---
  duration_ms: 0.560346
  type: 'test'
  ...
# Subtest: composition dependencies deduplicate registration and use the existing render lifecycle
ok 20 - composition dependencies deduplicate registration and use the existing render lifecycle
  ---
  duration_ms: 1.698334
  type: 'test'
  ...
# Subtest: composition dependency changes/cancellation stop before encoding
ok 21 - composition dependency changes/cancellation stop before encoding
  ---
  duration_ms: 0.773541
  type: 'test'
  ...
# Subtest: unsupported composition AI processing is explicit and cannot start work
ok 22 - unsupported composition AI processing is explicit and cannot start work
  ---
  duration_ms: 0.315285
  type: 'test'
  ...
1..22
# tests 22
# suites 0
# pass 22
# fail 0
# cancelled 0
# skipped 0
# todo 0
# duration_ms 77.111759
