
> reupmatic@0.11.0 test:bridge
> npm run build:core && node --test tests/bridge.test.mjs tests/coordinator-native.test.mjs tests/batch-native.test.mjs tests/folder-native.test.mjs tests/library-native.test.mjs tests/models-native.test.mjs tests/workflow-native.test.mjs tests/batch-cli-native.test.mjs


> reupmatic@0.11.0 build:core
> tsc -p tsconfig.core.json

TAP version 13
# (node:11999) ExperimentalWarning: SQLite is an experimental feature and might change at any time
# (Use `node --trace-warnings ...` to show where the warning was created)
# Subtest: developer CLI shares the durable queue and refuses workspace reuse
ok 1 - developer CLI shares the durable queue and refuses workspace reuse
  ---
  duration_ms: 1562.707206
  type: 'test'
  ...
# (node:12000) ExperimentalWarning: SQLite is an experimental feature and might change at any time
# (Use `node --trace-warnings ...` to show where the warning was created)
# Subtest: actual SQLite batch -> shared Python/FFmpeg -> folder; restart retains outputs and revalidates inputs
ok 2 - actual SQLite batch -> shared Python/FFmpeg -> folder; restart retains outputs and revalidates inputs
  ---
  duration_ms: 1670.212949
  type: 'test'
  ...
# Subtest: real TypeScript -> Python -> FFmpeg bridge and one failed batch item
ok 3 - real TypeScript -> Python -> FFmpeg bridge and one failed batch item
  ---
  duration_ms: 1697.466976
  type: 'test'
  ...
# Subtest: real shared coordinator: no-subtitle render, imported SRT, cache and failed-item isolation
ok 4 - real shared coordinator: no-subtitle render, imported SRT, cache and failed-item isolation
  ---
  duration_ms: 1972.378232
  type: 'test'
  ...
# (node:12193) ExperimentalWarning: SQLite is an experimental feature and might change at any time
# (Use `node --trace-warnings ...` to show where the warning was created)
# Subtest: actual folder reconciliation -> SQLite queue -> Python/FFmpeg -> output, with failed-file isolation
ok 5 - actual folder reconciliation -> SQLite queue -> Python/FFmpeg -> output, with failed-file isolation
  ---
  duration_ms: 1439.081771
  type: 'test'
  ...
# (node:12209) ExperimentalWarning: SQLite is an experimental feature and might change at any time
# (Use `node --trace-warnings ...` to show where the warning was created)
# Subtest: real Library -> relink -> saved project -> SQLite batch -> FFmpeg with audio
ok 6 - real Library -> relink -> saved project -> SQLite batch -> FFmpeg with audio
  ---
  duration_ms: 1858.415254
  type: 'test'
  ...
# Subtest: real Python protocol configures local files, rejects bad checksum and persists across restart; no inference
ok 7 - real Python protocol configures local files, rejects bad checksum and persists across restart; no inference
  ---
  duration_ms: 1445.904305
  type: 'test'
  ...
# (node:12381) ExperimentalWarning: SQLite is an experimental feature and might change at any time
# (Use `node --trace-warnings ...` to show where the warning was created)
# Subtest: real saved workflow -> shared SQLite queue -> FFmpeg -> Library export -> one local destination post
ok 8 - real saved workflow -> shared SQLite queue -> FFmpeg -> Library export -> one local destination post
  ---
  duration_ms: 1446.176715
  type: 'test'
  ...
1..8
# tests 8
# suites 0
# pass 8
# fail 0
# cancelled 0
# skipped 0
# todo 0
# duration_ms 5173.751816
