TAP version 13
# Subtest: AGENTS.md is the only root instruction file and owns engineering rules
ok 1 - AGENTS.md is the only root instruction file and owns engineering rules
  ---
  duration_ms: 3.636467
  type: 'test'
  ...
# Subtest: application source stays under the readable-file size limit
ok 2 - application source stays under the readable-file size limit
  ---
  duration_ms: 6.993714
  type: 'test'
  ...
# Subtest: core owns business logic, not UI or Electron dependencies
ok 3 - core owns business logic, not UI or Electron dependencies
  ---
  duration_ms: 1.572053
  type: 'test'
  ...
# Subtest: entry points remain composition-only and features have clear ownership
ok 4 - entry points remain composition-only and features have clear ownership
  ---
  duration_ms: 0.453462
  type: 'test'
  ...
# Subtest: abstractions own behavior instead of adding forwarding layers
ok 5 - abstractions own behavior instead of adding forwarding layers
  ---
  duration_ms: 2.292637
  type: 'test'
  ...
# Subtest: shared media behavior is imported from its owner, not compatibility re-exports
ok 6 - shared media behavior is imported from its owner, not compatibility re-exports
  ---
  duration_ms: 0.197667
  type: 'test'
  ...
# Subtest: all scope groups, five screens and three modes have feature and flow traceability
ok 7 - all scope groups, five screens and three modes have feature and flow traceability
  ---
  duration_ms: 14.00201
  type: 'test'
  ...
# Subtest: omitting a scope, screen, mode or specification breaks the coverage guard
ok 8 - omitting a scope, screen, mode or specification breaks the coverage guard
  ---
  duration_ms: 56.034541
  type: 'test'
  ...
# Subtest: unknown ownership, duplicate IDs and false completion declarations are rejected
ok 9 - unknown ownership, duplicate IDs and false completion declarations are rejected
  ---
  duration_ms: 34.630573
  type: 'test'
  ...
# Subtest: independent endpoints and unfinished major capabilities remain explicit rather than hidden by scaffolding
ok 10 - independent endpoints and unfinished major capabilities remain explicit rather than hidden by scaffolding
  ---
  duration_ms: 0.696087
  type: 'test'
  ...
# Subtest: the human system map derives ownership and gaps from the current machine map
ok 11 - the human system map derives ownership and gaps from the current machine map
  ---
  duration_ms: 2.129992
  type: 'test'
  ...
# Subtest: the delivered tree retains source paths and 14 scope groups without counting placeholders as code
ok 12 - the delivered tree retains source paths and 14 scope groups without counting placeholders as code
  ---
  duration_ms: 30.381194
  type: 'test'
  ...
# Subtest: scaffolding is idempotent and never truncates existing markers or real code
ok 13 - scaffolding is idempotent and never truncates existing markers or real code
  ---
  duration_ms: 27.380814
  type: 'test'
  ...
# Subtest: unsafe paths and duplicate ownership fail before directory creation
ok 14 - unsafe paths and duplicate ownership fail before directory creation
  ---
  duration_ms: 6.113881
  type: 'test'
  ...
# Subtest: symlink ancestors and dangling marker links cannot redirect writes
ok 15 - symlink ancestors and dangling marker links cannot redirect writes
  ---
  duration_ms: 4.152973
  type: 'test'
  ...
# Subtest: routing is owned by Automation and an empty planned module cannot be relabeled as implemented
ok 16 - routing is owned by Automation and an empty planned module cannot be relabeled as implemented
  ---
  duration_ms: 3.939001
  type: 'test'
  ...
# Subtest: source ZIP and CI do not install Git hooks
ok 17 - source ZIP and CI do not install Git hooks
  ---
  duration_ms: 1.407586
  type: 'test'
  ...
# Subtest: hook setup recognizes only its own Git root, not a parent
ok 18 - hook setup recognizes only its own Git root, not a parent
  ---
  duration_ms: 7.856021
  type: 'test'
  ...
# Subtest: Python commands prefer explicit executable, then project virtualenv
ok 19 - Python commands prefer explicit executable, then project virtualenv
  ---
  duration_ms: 0.788515
  type: 'test'
  ...
# Subtest: Reupmatic uses one formatter and hook manager with separate typechecking
ok 20 - Reupmatic uses one formatter and hook manager with separate typechecking
  ---
  duration_ms: 1.115467
  type: 'test'
  ...
# Subtest: pre-commit checks do not mutate staging or start media jobs
ok 21 - pre-commit checks do not mutate staging or start media jobs
  ---
  duration_ms: 0.386451
  type: 'test'
  ...
# Subtest: format configurations parse and retain recommended checks
ok 22 - format configurations parse and retain recommended checks
  ---
  duration_ms: 0.168283
  type: 'test'
  ...
# Subtest: one UI system complements, rather than replaces, media libraries
ok 23 - one UI system complements, rather than replaces, media libraries
  ---
  duration_ms: 1.162007
  type: 'test'
  ...
# Subtest: application uses library controls, not a parallel primitive implementation
ok 24 - application uses library controls, not a parallel primitive implementation
  ---
  duration_ms: 4.879225
  type: 'test'
  ...
# Subtest: theme, language and layer order are explicit and shared
ok 25 - theme, language and layer order are explicit and shared
  ---
  duration_ms: 0.241593
  type: 'test'
  ...
# Subtest: Astryx selections have a maintained catalogue and task-level rationale
ok 26 - Astryx selections have a maintained catalogue and task-level rationale
  ---
  duration_ms: 1.744703
  type: 'test'
  ...
# Subtest: navigation and disclosure use library semantics, not button lookalikes
ok 27 - navigation and disclosure use library semantics, not button lookalikes
  ---
  duration_ms: 1.339994
  type: 'test'
  ...
# Subtest: choices with different execution consequences remain visible before submission
ok 28 - choices with different execution consequences remain visible before submission
  ---
  duration_ms: 0.18604
  type: 'test'
  ...
# Subtest: workspace CSS does not reach into library controls or shell landmarks
ok 29 - workspace CSS does not reach into library controls or shell landmarks
  ---
  duration_ms: 0.854886
  type: 'test'
  ...
# Subtest: literal UI messages exist in both application languages
ok 30 - literal UI messages exist in both application languages
  ---
  duration_ms: 24.693202
  type: 'test'
  ...
# Subtest: model setup messages refer to the shipped development guide
ok 31 - model setup messages refer to the shipped development guide
  ---
  duration_ms: 0.462695
  type: 'test'
  ...
# Subtest: Electron flows target library interactions rather than native select elements
ok 32 - Electron flows target library interactions rather than native select elements
  ---
  duration_ms: 0.464228
  type: 'test'
  ...
# Subtest: Sources stages batches and exposes storage consequences before import
ok 33 - Sources stages batches and exposes storage consequences before import
  ---
  duration_ms: 0.333081
  type: 'test'
  ...
# Subtest: public assets and local settings have actual application wiring
ok 34 - public assets and local settings have actual application wiring
  ---
  duration_ms: 0.168063
  type: 'test'
  ...
# Subtest: one domain processing form serves Editor, batch and folders without starting work
ok 35 - one domain processing form serves Editor, batch and folders without starting work
  ---
  duration_ms: 0.349195
  type: 'test'
  ...
1..35
# tests 35
# suites 0
# pass 35
# fail 0
# cancelled 0
# skipped 0
# todo 0
# duration_ms 217.712717
